---
source: tests/symbol_table/alpha034.rs
expression: foo_defs.get(&60)
---
None
