---
source: src/tests/grammar/alpha034.rs
expression: "parse(\"import {} \\\"path/to/module\\\"\").unwrap()"
---
Statement(
    [
        Import(
            (),
            ImportSpecific(
                (),
                [],
                (),
            ),
            "\"path/to/module\"",
        ),
    ],
)
