---
source: src/tests/grammar/alpha034.rs
expression: "parse(\"name_1\").unwrap()"
---
Statement(
    [
        Statement(
            Expression(
                VariableGet(
                    Variable(
                        "name_1",
                    ),
                ),
            ),
        ),
    ],
)
