---
source: tests/grammar/alpha034.rs
expression: "parse(&tokenize(\"$command --arg1 -v$\"))"
---
(
    Some(
        [
            (
                Statement(
                    (
                        Expression(
                            (
                                Command(
                                    [],
                                    [
                                        (
                                            Text(
                                                "$",
                                            ),
                                            0..1,
                                        ),
                                        (
                                            Text(
                                                "command",
                                            ),
                                            1..8,
                                        ),
                                        (
                                            CommandOption(
                                                "--arg1",
                                            ),
                                            9..15,
                                        ),
                                        (
                                            CommandOption(
                                                "-v",
                                            ),
                                            16..18,
                                        ),
                                        (
                                            Text(
                                                "$",
                                            ),
                                            18..19,
                                        ),
                                    ],
                                    None,
                                ),
                                0..19,
                            ),
                        ),
                        0..19,
                    ),
                ),
                0..19,
            ),
        ],
    ),
    [],
)
