---
source: tests/grammar/alpha034.rs
expression: "parse(\"fail 1\").unwrap()"
---
Statement(
    [
        Fail(
            Some(
                Number(
                    1.0,
                ),
            ),
        ),
    ],
)
