---
source: tests/grammar/alpha034.rs
expression: "parse(&tokenize(\"fun foo(abc: !WrongType {\n        echo 10\n    }\"))"
---
(
    Some(
        [
            (
                FunctionDefinition(
                    [],
                    (
                        false,
                        0..3,
                    ),
                    (
                        "fun",
                        0..3,
                    ),
                    (
                        "foo",
                        4..7,
                    ),
                    [
                        (
                            Typed(
                                (
                                    "abc",
                                    8..11,
                                ),
                                (
                                    <Invalid type>,
                                    13..14,
                                ),
                            ),
                            8..14,
                        ),
                        (
                            Generic(
                                (
                                    "WrongType",
                                    14..23,
                                ),
                            ),
                            14..23,
                        ),
                    ],
                    None,
                    [
                        (
                            Echo(
                                (
                                    "echo",
                                    34..38,
                                ),
                                (
                                    Number(
                                        (
                                            10.0,
                                            39..41,
                                        ),
                                    ),
                                    39..41,
                                ),
                            ),
                            34..41,
                        ),
                    ],
                ),
                0..47,
            ),
        ],
    ),
    [
        found "!" at 13..14 expected '"Text"', '"Num"', '"Bool"', '"Null"', or '"["',
        found "WrongType" at 14..23 expected '","',
        found "{" at 24..25 expected '":"', '","', or '")"',
    ],
)
