---
source: tests/grammar/alpha034.rs
expression: "parse(\"  0\").unwrap()"
---
Statement(
    [
        Statement(
            Statement(
                Expression(
                    Number(
                        0.0,
                    ),
                ),
                None,
            ),
        ),
    ],
)
