---
source: tests/grammar/alpha034.rs
expression: "parse(\"break\").unwrap()"
---
Statement(
    [
        Break,
    ],
)
