---
source: tests/grammar/alpha034.rs
expression: "parse(\"silent\").unwrap()"
---
(
    Statement(
        [
            (
                CommandModifier(
                    (
                        Silent,
                        0..6,
                    ),
                ),
                0..6,
            ),
        ],
    ),
    0..6,
)
