---
source: tests/grammar/alpha034.rs
expression: "parse(\"a = 10 + 2 * 3\").unwrap()"
---
Statement(
    [
        VariableSet(
            "a",
            Add(
                Number(
                    10.0,
                ),
                Multiply(
                    Number(
                        2.0,
                    ),
                    Number(
                        3.0,
                    ),
                ),
            ),
        ),
    ],
)
