---
source: tests/grammar/alpha034.rs
expression: "parse(\"name_1_\").unwrap()"
---
Statement(
    [
        Statement(
            Statement(
                Expression(
                    VariableGet(
                        Variable(
                            "name_1_",
                        ),
                    ),
                ),
                None,
            ),
        ),
    ],
)
