---
source: tests/grammar/alpha034.rs
expression: "parse(&tokenize(\"fun foo(abc! {\n        echo 10\n    }\"))"
---
(
    Some(
        [
            (
                FunctionDefinition(
                    (
                        false,
                        0..3,
                    ),
                    (
                        "fun",
                        0..3,
                    ),
                    (
                        "foo",
                        4..7,
                    ),
                    [
                        (
                            Generic(
                                (
                                    "abc",
                                    8..11,
                                ),
                            ),
                            8..11,
                        ),
                        (
                            Error,
                            11..12,
                        ),
                    ],
                    None,
                    [
                        (
                            Echo(
                                (
                                    "echo",
                                    23..27,
                                ),
                                (
                                    Number(
                                        (
                                            10.0,
                                            28..30,
                                        ),
                                    ),
                                    28..30,
                                ),
                            ),
                            23..30,
                        ),
                    ],
                ),
                0..36,
            ),
        ],
    ),
    [
        found "!" at 11..12 expected '":"', or '","',
        multiple errors found at 11..12,
        found "{" at 13..14 expected '","', or '")"',
    ],
)
