---
source: tests/grammar/alpha034.rs
expression: "parse(\"1 >= 2\").unwrap()"
---
Statement(
    [
        Expression(
            Ge(
                Number(
                    1.0,
                ),
                Number(
                    2.0,
                ),
            ),
        ),
    ],
)
