---
source: tests/grammar/alpha034.rs
expression: "parse(\"[1]\").unwrap()"
---
Statement(
    [
        Expression(
            Array(
                [
                    Number(
                        1.0,
                    ),
                ],
            ),
        ),
    ],
)
