---
source: tests/symbol_table/alpha034.rs
expression: "input_defs.get(&usize::MAX)"
---
Some(
    SymbolLocation {
        file: FileId(
            1,
        ),
        start: 8,
        end: 13,
        is_public: false,
    },
)
