---
source: tests/analysis/alpha034.rs
expression: foo_refs
---
[
    SymbolLocation {
        file: (
            FileId(
                1,
            ),
            FileVersion(
                1,
            ),
        ),
        start: 33,
        end: 36,
    },
]
