---
source: tests/analysis/alpha034.rs
expression: b_refs
---
[
    SymbolLocation {
        file: (
            FileId(
                0,
            ),
            FileVersion(
                1,
            ),
        ),
        start: 45,
        end: 46,
    },
    SymbolLocation {
        file: (
            FileId(
                0,
            ),
            FileVersion(
                1,
            ),
        ),
        start: 58,
        end: 59,
    },
    SymbolLocation {
        file: (
            FileId(
                0,
            ),
            FileVersion(
                1,
            ),
        ),
        start: 75,
        end: 76,
    },
    SymbolLocation {
        file: (
            FileId(
                0,
            ),
            FileVersion(
                1,
            ),
        ),
        start: 95,
        end: 96,
    },
    SymbolLocation {
        file: (
            FileId(
                0,
            ),
            FileVersion(
                1,
            ),
        ),
        start: 103,
        end: 104,
    },
    SymbolLocation {
        file: (
            FileId(
                0,
            ),
            FileVersion(
                1,
            ),
        ),
        start: 111,
        end: 112,
    },
    SymbolLocation {
        file: (
            FileId(
                0,
            ),
            FileVersion(
                1,
            ),
        ),
        start: 144,
        end: 145,
    },
    SymbolLocation {
        file: (
            FileId(
                0,
            ),
            FileVersion(
                1,
            ),
        ),
        start: 158,
        end: 159,
    },
    SymbolLocation {
        file: (
            FileId(
                0,
            ),
            FileVersion(
                1,
            ),
        ),
        start: 176,
        end: 177,
    },
    SymbolLocation {
        file: (
            FileId(
                0,
            ),
            FileVersion(
                1,
            ),
        ),
        start: 210,
        end: 211,
    },
]
